Loaded package environment from /Users/leventerkok/.ghc/x86_64-darwin-9.2.2/environments/default

[SBV] tests/T01.hs:14:1 Proving "f", using Z3.
[Z3] Falsifiable. Counter-example:
  x = 4.7435827807923985e8 :: Double
  y =   -935540.0441384315 :: Double
  z =   -5623.892542272864 :: Double
[SBV] Failed. (Use option 'IgnoreFailure' to continue.)
