Loaded package environment from /Users/leventerkok/.ghc/x86_64-darwin-9.2.2/environments/default

[SBV] tests/T47.hs:91:1-8 Proving "checkBad", using Z3.
[Z3] Falsifiable. Counter-example:
  range     =     0 :: Int64
  manual    = False :: Bool
  timeSince =     9 :: Int64

[SBV] tests/T47.hs:113:1-9 Proving "checkGood", using Z3.
[Z3] Q.E.D.
