Loaded package environment from /Users/leventerkok/.ghc/x86_64-darwin-9.2.2/environments/default

[SBV] tests/T49.hs:38:1-14 Proving "fastMinCorrect", using Z3.
[Z3] Q.E.D.

[SBV] tests/T49.hs:44:1-14 Proving "fastMaxCorrect", using Z3.
[Z3] Q.E.D.

[SBV] tests/T49.hs:50:1-20 Proving "oppositeSignsCorrect", using Z3.
[Z3] Q.E.D.

[SBV] tests/T49.hs:56:1-26 Proving "conditionalSetClearCorrect", using Z3.
[Z3] Q.E.D.

[SBV] tests/T49.hs:63:1-17 Proving "powerOfTwoCorrect", using Z3.
[Z3] Q.E.D.

[SBV] tests/T49.hs:68:1-18 Proving "maskedMergeCorrect", using Z3.
[Z3] Q.E.D.

[SBV] tests/T49.hs:74:1-22 Proving "roundPowerOfTwoCorrect", using Z3.
[Z3] Q.E.D.

[SBV] tests/T49.hs:94:1-10 Proving "zeroInWord", using Z3.
[Z3] Q.E.D.
